        Info Looking up installed tauri packages to check mismatched versions...
   Compiling windows v0.61.3
   Compiling time-macros v0.2.32
   Compiling deranged v0.5.8
   Compiling getrandom v0.3.4
   Compiling zerocopy v0.8.56
   Compiling time v0.3.55
   Compiling tauri-plugin v2.6.3
   Compiling plist v1.10.0
   Compiling cookie v0.18.2
   Compiling tauri-plugin-notification v2.4.0
   Compiling tauri-utils v2.9.3
   Compiling ppv-lite86 v0.2.21
   Compiling rand_core v0.9.5
   Compiling rand_chacha v0.9.0
   Compiling caju-os-desktop v0.1.4 (C:\Users\Lohan Dias\Downloads\Caju_Monitor_v2\caju-os-web\src-tauri)
   Compiling rand v0.9.5
   Compiling webview2-com-sys v0.38.2
   Compiling tao v0.35.3
   Compiling tauri-winrt-notification v0.7.3
   Compiling notify-rust v4.18.0
   Compiling webview2-com v0.38.2
   Compiling wry v0.55.1
   Compiling tauri-runtime v2.11.3
   Compiling tauri-runtime-wry v2.11.4
   Compiling tauri v2.11.5
