[33m[PLUGIN_TIMINGS] [0mYour build spent significant time in plugins. Here is a breakdown:
  - vinext:og-inline-fetch-assets (33%)
  - vinext:css-data-url (22%)
  - vite-plugin-commonjs (15%)
  - rsc:virtual-client-package (12%)
  - alias (5%)
See https://rolldown.rs/options/checks#plugintimings for more details.

[33m[PLUGIN_TIMINGS] [0mYour build spent significant time in plugins. Here is a breakdown:
  - vinext:og-inline-fetch-assets (18%)
  - vinext:css-data-url (15%)
  - alias (14%)
  - rsc:virtual-client-package (12%)
  - vinext:middleware-server-only (10%)
See https://rolldown.rs/options/checks#plugintimings for more details.

[33m[PLUGIN_TIMINGS] [0mYour build spent significant time in plugins. Here is a breakdown:
  - vinext:css-data-url (32%)
  - vinext:validate-middleware-exports (15%)
  - rsc:virtual-client-package (12%)
  - vinext:og-inline-fetch-assets (11%)
  - rsc:use-client (10%)
See https://rolldown.rs/options/checks#plugintimings for more details.

[33m[PLUGIN_TIMINGS] [0mYour build spent significant time in plugins. Here is a breakdown:
  - vinext:css-data-url (17%)
  - vinext:middleware-server-only (14%)
  - alias (12%)
  - vinext:og-inline-fetch-assets (11%)
  - rsc:virtual-client-package (10%)
See https://rolldown.rs/options/checks#plugintimings for more details.

[33m[PLUGIN_TIMINGS] [0mYour build spent significant time in plugins. Here is a breakdown:
  - vinext:og-inline-fetch-assets (19%)
  - vinext:css-data-url (15%)
  - vinext:middleware-server-only (13%)
  - rsc:virtual-client-package (13%)
  - alias (12%)
See https://rolldown.rs/options/checks#plugintimings for more details.

