
> sites-project@0.1.0 build
> vinext build


  vinext build  (Vite 8.0.13)

[1/5] analyze client references...
[2Ktransforming...✓ 369 modules transformed.
rendering chunks...
✓ built in 53.32s
[2/5] analyze server references...
[2Ktransforming...✓ 980 modules transformed.
rendering chunks...
✓ built in 10.83s
[3/5] build rsc environment...
[2Ktransforming...✓ 366 modules transformed.
rendering chunks...
computing gzip size...
✓ built in 33.23s
[4/5] build client environment...
[2Ktransforming...✓ 2697 modules transformed.
rendering chunks...
computing gzip size...
✓ built in 24.45s
[5/5] build ssr environment...
[2Ktransforming...✓ 994 modules transformed.
rendering chunks...
computing gzip size...
✓ built in 13.02s
[0m
  Route (app)
  ┌ ? /                             
  ├ ? /acesso-negado                
  ├ λ /api/auth/me                  
  ├ λ /api/colleagues               
  ├ λ /api/finance/rules            
  ├ λ /api/jira/finance             
  ├ λ /api/jira/issues              
  ├ λ /api/jira/issues/:key         
  ├ λ /api/jira/issues/:key/whatsapp
  ├ λ /api/maps-config              
  ├ λ /api/messages                 
  ├ λ /api/n1-tickets/:key          
  ├ λ /api/operational-dashboard    
  ├ λ /api/operations               
  ├ λ /api/technicians              
  ├ λ /api/technicians/:id/reviews  
  ├ λ /api/technicians/import       
  ├ λ /api/users/invite             
  ├ λ /api/users/n1                 
  ├ ? /central-n1                   
  ├ ? /financeiro                   
  ├ ? /login                        
  ├ ? /mapa                         
  └ ? /spares                       

  λ API  ? Unknown

  ? Some routes could not be classified. vinext currently uses static analysis
    and cannot detect dynamic API usage (headers(), cookies(), etc.) at build time.
    Automatic classification will be improved in a future release.

  Build complete. Run `vinext start` to start the production server.

