[33m[PLUGIN_TIMINGS] [0mYour build spent significant time in plugins. Here is a breakdown:
  - vinext:css-data-url (26%)
  - rsc:virtual-client-package (22%)
  - vite-plugin-commonjs (16%)
  - vinext:og-inline-fetch-assets (14%)
  - alias (7%)
See https://rolldown.rs/options/checks#plugintimings for more details.

[33m[PLUGIN_TIMINGS] [0mYour build spent significant time in plugins. Here is a breakdown:
  - rsc:virtual-client-package (18%)
  - vite-plugin-commonjs (13%)
  - rsc:rsc-css-export-transform (13%)
  - alias (10%)
  - vinext:css-data-url (8%)
See https://rolldown.rs/options/checks#plugintimings for more details.

[33m[PLUGIN_TIMINGS] [0mYour build spent significant time in plugins. Here is a breakdown:
  - vinext:middleware-server-only (15%)
  - vinext:css-data-url (14%)
  - vinext:og-inline-fetch-assets (11%)
  - alias (10%)
  - rsc:virtual-client-package (9%)
See https://rolldown.rs/options/checks#plugintimings for more details.

[33m[PLUGIN_TIMINGS] [0mYour build spent significant time in plugins. Here is a breakdown:
  - vinext:og-inline-fetch-assets (20%)
  - vinext:css-data-url (14%)
  - vinext:middleware-server-only (12%)
  - alias (12%)
  - rsc:virtual-client-package (12%)
See https://rolldown.rs/options/checks#plugintimings for more details.

